E:\Training\Tutedude>git config --global user.name "rakeshchaure"

E:\Training\Tutedude>git config --global user.email "chaurerakesh55@gmail.com"

E:\Training\Tutedude>git config --global color.ui auto

E:\Training\Tutedude>git init
Initialized empty Git repository in E:/Training/Tutedude/.git/

E:\Training\Tutedude>git remote add origin https://github.com/rakeshchaure/Tutedude-Assignement.git

E:\Training\Tutedude>

VS Code-->
PS E:\Training\Tutedude> git pull origin main
remote: Enumerating objects: 9, done.
remote: Counting objects: 100% (9/9), done.
remote: Compressing objects: 100% (4/4), done.
remote: Total 9 (delta 0), reused 0 (delta 0), pack-reused 0 (from 0)
Unpacking objects: 100% (9/9), 2.66 KiB | 1024 bytesUnpacking objects: 100% (9/9), 2.70 KiB | 1024 bytes/s, done.
From https://github.com/rakeshchaure/Tutedude-Assignement
 * branch            main       -> FETCH_HEAD
 * [new branch]      main       -> origin/main
PS E:\Training\Tutedude> git status
On branch master
Untracked files:
  (use "git add <file>..." to include in what will be committed)
        Task1.py
        Task2.py

nothing added to commit but untracked files present (use "git add" to track)
PS E:\Training\Tutedude> git add.
git: 'add.' is not a git command. See 'git --help'.

The most similar command is
        add
PS E:\Training\Tutedude> git add task1
fatal: pathspec 'task1' did not match any files
PS E:\Training\Tutedude> git add Task1
fatal: pathspec 'Task1' did not match any files
PS E:\Training\Tutedude> git add .Task1
fatal: pathspec '.Task1' did not match any files
PS E:\Training\Tutedude> git add .
PS E:\Training\Tutedude> git status
On branch master
Changes to be committed:
  (use "git restore --staged <file>..." to unstage)
        new file:   Task1.py
        new file:   Task2.py

PS E:\Training\Tutedude> git commit -m "Initial Commit"
[master efec0d5] Initial Commit
 2 files changed, 29 insertions(+)
 create mode 100644 Task1.py
 create mode 100644 Task2.py
PS E:\Training\Tutedude> git push
fatal: The current branch master has no upstream branch.
To push the current branch and set the remote as upstream, use

    git push --set-upstream origin master

To have this happen automatically for branches without a tracking
upstream, see 'push.autoSetupRemote' in 'git help config'.

PS E:\Training\Tutedude> git push --set-upstream origin master
info: please complete authentication in your browser...
Enumerating objects: 5, done.
Counting objects: 100% (5/5), done.
Delta compression using up to 8 threads
Compressing objects: 100% (4/4), done.
Writing objects: 100% (4/4), 895 bytes | 447.00 KiB/s, done.
Total 4 (delta 0), reused 0 (delta 0), pack-reused 0 (from 0)
remote: 
remote: Create a pull request for 'master' on GitHub by visiting:
remote:      https://github.com/rakeshchaure/Tutedude-Assignement/pull/new/master
remote:
To https://github.com/rakeshchaure/Tutedude-Assignement.git
 * [new branch]      master -> master
branch 'master' set up to track 'origin/master'.
PS E:\Training\Tutedude> git checkout -b "day1branch"
Switched to a new branch 'day1branch'
PS E:\Training\Tutedude> git status
On branch day1branch
Untracked files:
  (use "git add <file>..." to include in what will be committed)
        noOnMain.txt

nothing added to commit but untracked files present (use "git add" to track)
PS E:\Training\Tutedude> git add .
PS E:\Training\Tutedude> git status
On branch day1branch
Changes to be committed:
  (use "git restore --staged <file>..." to unstage)
        new file:   noOnMain.txt

PS E:\Training\Tutedude> git commit -m "dummy"
[day1branch 5bb961e] dummy
 1 file changed, 1 insertion(+)
 create mode 100644 noOnMain.txt
PS E:\Training\Tutedude> git push
fatal: The current branch day1branch has no upstream branch.
To push the current branch and set the remote as upstream, use

    git push --set-upstream origin day1branch

To have this happen automatically for branches without a tracking
upstream, see 'push.autoSetupRemote' in 'git help config'.

PS E:\Training\Tutedude> git push --set-upstream origin day1branch
Enumerating objects: 4, done.
Counting objects: 100% (4/4), done.
Delta compression using up to 8 threads
Compressing objects: 100% (2/2), done.
Writing objects: 100% (3/3), 291 bytes | 291.00 KiB/s, done.
Total 3 (delta 1), reused 0 (delta 0), pack-reused 0 (from 0)
remote: Resolving deltas: 100% (1/1), completed with 1 local object.
remote:
remote: Create a pull request for 'day1branch' on GitHub by visiting:
remote:      https://github.com/rakeshchaure/Tutedude-Assignement/pull/new/day1branch
remote:
To https://github.com/rakeshchaure/Tutedude-Assignement.git
 * [new branch]      day1branch -> day1branch
branch 'day1branch' set up to track 'origin/day1branch'.
PS E:\Training\Tutedude> git checkout -b "day2branch" 
Switched to a new branch 'day2branch'
PS E:\Training\Tutedude> git checkout "day1branch"    
Switched to branch 'day1branch'
Your branch is up to date with 'origin/day1branch'.
PS E:\Training\Tutedude>
E:\Training\Tutedude\New folder>git clone https://github.com/rakeshchaure/Tutedude-Assignement.git
Cloning into 'Tutedude-Assignement'...
remote: Enumerating objects: 18, done.
remote: Counting objects: 100% (18/18), done.
remote: Compressing objects: 100% (11/11), done.
remote: Total 18 (delta 1), reused 7 (delta 1), pack-reused 0 (from 0)
Receiving objects: 100% (18/18), 5.52 KiB | 1.84 MiB/s, done.
Resolving deltas: 100% (1/1), done.

E:\Training\Tutedude\New folder>
